{"name":"TestInt","nss":"testint","version":"0.0.1","vendor":"VMware","behaviors":[]}