{"name":"Test","nss":"test","version":"0.0.1","vendor":"VMware","schema":{"$schema":"http://json-schema.org/draft-07/schema#","$ref":"#/definitions/Test","definitions":{"Test":{"type":"object","properties":{"txt":{"type":"string"}},"required":["txt"],"additionalProperties":false}}},"interfaces":[],"accessControls":[]}