{
    "name": "ScaleGroup",
    "nss": "scalegroup",
    "version": "1.0.0",
    "description": "A definition of a group of VMs, which can be scaled out and in.",
    "vendor": "vmware",
    "schema": {
        "$schema": "http://json-schema.org/draft-07/schema#",
        "$ref": "#/definitions/ScaleGroup",
        "definitions": {
            "ScaleGroup": {
                "type": "object",
                "properties": {
                    "name": {
                        "type": "string"
                    },
                    "status": {
                        "$ref": "#/definitions/ScaleGroupStatus"
                    },
                    "errorMessage": {
                        "type": "string"
                    },
                    "orgVdcId": {
                        "type": "string"
                    },
                    "loadBalancer": {
                        "$ref": "#/definitions/LoadBalancer"
                    },
                    "vmTemplateId": {
                        "type": "string"
                    },
                    "computePolicyId": {
                        "type": "string"
                    },
                    "storagePolicyId": {
                        "type": "string"
                    },
                    "minVms": {
                        "type": "number"
                    },
                    "maxVms": {
                        "type": "number"
                    },
                    "rules": {
                        "type": "array",
                        "items": {
                            "$ref": "#/definitions/Rule"
                        }
                    },
                    "children": {
                        "type": "array",
                        "items": {
                            "type": "string"
                        }
                    },
                    "lastScaleTime": {
                        "type": "number"
                    }
                },
                "required": [
                    "name",
                    "status",
                    "orgVdcId",
                    "loadBalancer",
                    "vmTemplateId",
                    "minVms",
                    "maxVms",
                    "rules"
                ],
                "description": "A definition of a group of VMs, which can be scaled out and in."
            },
            "ScaleGroupStatus": {
                "type": "string",
                "enum": [
                    "created",
                    "error",
                    "enabled",
                    "disabled"
                ]
            },
            "LoadBalancer": {
                "type": "object",
                "properties": {
                    "type": {
                        "$ref": "#/definitions/LoadBalancerType"
                    },
                    "networkId": {
                        "type": "string"
                    },
                    "networkCIDR": {
                        "type": "string"
                    },
                    "edgeId": {
                        "type": "string"
                    },
                    "poolId": {
                        "type": "string"
                    },
                    "virtualServiceIp": {
                        "type": "string"
                    },
                    "serviceEngineGroupId": {
                        "type": "string"
                    }
                },
                "required": [
                    "type"
                ]
            },
            "LoadBalancerType": {
                "type": "string",
                "enum": [
                    "avi",
                    "provided"
                ]
            },
            "Rule": {
                "type": "object",
                "properties": {
                    "name": {
                        "type": "string"
                    },
                    "operator": {
                        "$ref": "#/definitions/RuleOperator"
                    },
                    "behaviour": {
                        "$ref": "#/definitions/RuleBehaviour"
                    },
                    "vmCount": {
                        "type": "number"
                    },
                    "cooldown": {
                        "type": "number"
                    },
                    "symptoms": {
                        "type": "array",
                        "items": {
                            "$ref": "#/definitions/Symptom"
                        }
                    }
                },
                "required": [
                    "name",
                    "operator",
                    "behaviour",
                    "vmCount",
                    "cooldown",
                    "symptoms"
                ]
            },
            "RuleOperator": {
                "type": "string",
                "enum": [
                    "AND",
                    "OR"
                ]
            },
            "RuleBehaviour": {
                "type": "string",
                "enum": [
                    "grow",
                    "shrink"
                ]
            },
            "Symptom": {
                "type": "object",
                "properties": {
                    "metric": {
                        "type": "string"
                    },
                    "operator": {
                        "$ref": "#/definitions/SymptomOperator"
                    },
                    "value": {
                        "type": "number"
                    },
                    "duration": {
                        "type": "number"
                    },
                    "beginTime": {
                        "type": "number"
                    }
                },
                "required": [
                    "metric",
                    "operator",
                    "value"
                ]
            },
            "SymptomOperator": {
                "type": "string",
                "enum": [
                    "GT",
                    "LT",
                    "GTE",
                    "LTE",
                    "EQ"
                ]
            }
        }
    },
    "interfaces": [
        "urn:vcloud:interface:vmware:elasticgroup:1.0.0"
    ],
    "accessControls": [
        {
            "behaviorId": "urn:vcloud:behavior-interface:initScaleGroup:vmware:elasticgroup:1.0.0",
            "accessLevelId": "urn:vcloud:accessLevel:FullControl"
        },
        {
            "behaviorId": "urn:vcloud:behavior-interface:grow:vmware:elasticgroup:1.0.0",
            "accessLevelId": "urn:vcloud:accessLevel:FullControl"
        },
        {
            "behaviorId": "urn:vcloud:behavior-interface:shrink:vmware:elasticgroup:1.0.0",
            "accessLevelId": "urn:vcloud:accessLevel:FullControl"
        }
    ]
}